// Jest Snapshot v1, https://goo.gl/fbAQLP

exports[`should render Login Page correctly 1`] = `
<div
  className="box-layout"
>
  <div
    className="box-layout__box"
  >
    <h1>
      Blog App
    </h1>
    <p>
      Blog, Blog, Blog, Bloogggsss.
    </p>
    <button
      className="button"
    >
      Login With Google
    </button>
  </div>
</div>
`;
